[synspace.com/en/index.html]
[synspace.com/app/themes/synspace/public/images/favicon/apple-touch-icon.png]
[synspace.com/app/themes/synspace/public/images/favicon/favicon-32x32.png]
[synspace.com/app/themes/synspace/public/images/favicon/favicon-16x16.png]
[backblue.gif]
[fade.gif]
[index.html]
[synspace.com/app/themes/synspace/public/images/synspace-dots-dark3dbb.png]
[synspace.com/app/themes/synspace/public/images/synspace-logo-white6740.png]
[synspace.com/app/themes/synspace/public/images/synspace-logoad7b.png]
[synspace.com/app/themes/synspace/public/images/synspace-logo-bg39bc.png]
[synspace.com/app/themes/synspace/public/images/bg-teasere86c.jpg]
[synspace.com/app/themes/synspace/public/images/bg-slider0e35.jpg]
[synspace.com/app/plugins/clearfy_package/plugins/lazy-load/assets/img/youtube.png]
[synspace.com/app/plugins/clearfy_package/assets/js/instant-pages.min.js]
[synspace.com/app/cache/borlabs-cookie/1/borlabs-cookie-config-en.json.js]
[synspace.com/app/themes/synspace/public/js/app.js]
[synspace.com/app/plugins/wp-simple-firewall/assets/dist/shield-notbot.bundleeb0e.js]
[synspace.com/en/company/synspace-at-a-glance.html]
[synspace.com/en/company/management.html]
[synspace.com/en/company/customers.html]
[synspace.com/en/company/partners.html]
[synspace.com/en/company/career.html]
[synspace.com/en/company/job-offers.html]
[synspace.com/en/consulting.html]
[synspace.com/en/consulting/automotive-spice.html]
[synspace.com/en/consulting/cybersecurity.html]
[synspace.com/en/consulting/functional-safety-fusa.html]
[synspace.com/en/training/course-dates.html]
[synspace.com/en/training/training-overview.html]
[synspace.com/en/training/training-overview/automotive-spice.html]
[synspace.com/en/training/training-overview/cybersecurity.html]
[synspace.com/en/training/training-overview/functional-safety-fusa.html]
[synspace.com/en/training/training-overview/requirements-engineering-ireb.html]
[synspace.com/en/training/training-overview/software-testing-istqb.html]
[synspace.com/en/products.html]
[synspace.com/en/products/gamification-scenario-based-storytelling.html]
[synspace.com/en/products/pocket-guide.html]
[synspace.com/en/products/tics.html]
[synspace.com/en/suche.html]
[synspace.com/app/plugins/polylang-pro/vendor/wpsyntex/polylang/flags/de.png]
[synspace.com/app/plugins/polylang-pro/vendor/wpsyntex/polylang/flags/ch.png]
[synspace.com/app/plugins/polylang-pro/vendor/wpsyntex/polylang/flags/gb.png]
[synspace.com/app/plugins/polylang-pro/vendor/wpsyntex/polylang/flags/fr.png]
[synspace.com/en/contact.html]
[synspace.com/app/uploads/2023/11/synspace-konferenzbild.png]
[synspace.com/app/uploads/2023/11/iStock-916868472_resized.jpg]
[synspace.com/en/training/course-dates/ireb-certified-professional-for-requirements-engineering-foundation-level-6.html]
[synspace.com/en/training/course-dates/istqb-certified-tester-advanced-level-test-analyst-ctal-ta-3.html]
[synspace.com/en/training/course-dates/istqb-certified-tester-foundation-level-ctfl-v4-0-9.html]
[synspace.com/en/training/course-dates/istqb-certified-tester-foundation-level-agile-tester-ctfl-at-2.html]
[synspace.com/en/training/course-dates/istqb-certified-tester-advanced-level-test-management-ctal-tm-v3-0-3.html]
[synspace.com/en/training/course-dates/istqb-certified-tester-foundation-level-ctfl-v4-0-6.html]
[synspace.com/en/training/course-dates/ireb-certified-professional-for-requirements-engineering-foundation-level-5.html]
[synspace.com/en/training/course-dates/ireb-certified-professional-for-requirements-engineering-foundation-level-7.html]
[synspace.com/en/training/course-dates/istqb-certified-tester-usability-testing-ct-ut.html]
[synspace.com/en/training/course-dates/istqb-certified-tester-foundation-level-ctfl-v4-0-4.html]
[synspace.com/en/imprint.html]
[synspace.com/en/privacy.html]
[synspace.com/en/disclaimer.html]
[synspace.com/en/sitemap.html]
[synspace.com/app/plugins/wp-simple-firewall/assets/dist/shield-notbot.bundleb916.js]
[synspace.com/en/general-terms-conditions-of-seminars.html]
[synspace.com/wp/wp-includes/js/jquery/jquery.min.js]
[synspace.com/wp/wp-includes/js/jquery/jquery-migrate.min.js]
[synspace.com/app/plugins/pg-responsive-images/src/js/pg-responsive-images.js]
[synspace.com/app/plugins/pg-responsive-images/src/vendor/lazysizes/lazysizes.min.js]
[synspace.com/app/plugins/borlabs-cookie/assets/javascript/borlabs-cookie.min42ab.js]
[synspace.com/app/uploads/borlabs-cookie/1/cb-facebook-main.png]
[synspace.com/app/uploads/borlabs-cookie/1/bct-google-recaptcha-main.png]
[synspace.com/app/uploads/borlabs-cookie/1/cb-instagram-main.png]
[synspace.com/app/uploads/borlabs-cookie/1/cb-twitter-main.png]
[synspace.com/en/index.html]
[synspace.com/app/uploads/2025/05/synspace_business_approach-2.png]
[synspace.com/app/uploads/2023/11/synspace-kontakt-1.jpg]
[synspace.com/en/company/synspace-at-a-glance.html]
[synspace.com/app/uploads/2024/06/michael_landwehr_chief_executive_officer.jpg]
[synspace.com/en/company/management.html]
[synspace.com/app/uploads/2024/07/logo_aisin.png]
[synspace.com/app/uploads/2024/07/logo_audi.png]
[synspace.com/app/uploads/2024/07/logo_bmw.png]
[synspace.com/app/uploads/2024/07/logo_cetitec.png]
[synspace.com/app/uploads/2024/07/logo_daf.png]
[synspace.com/app/uploads/2024/07/logo_draexlmaier.png]
[synspace.com/app/uploads/2024/07/logo_iav.png]
[synspace.com/app/uploads/2024/07/logo_mercedes-benz.png]
[synspace.com/app/uploads/2024/07/logo_porsche.png]
[synspace.com/app/uploads/2024/07/logo_prodrive.png]
[synspace.com/app/uploads/2024/07/logo_rheinmetall_automotive.png]
[synspace.com/app/uploads/2024/07/logo_seat.png]
[synspace.com/app/uploads/2024/07/logo_skoda.png]
[synspace.com/app/uploads/2024/07/logo_vw.png]
[synspace.com/app/uploads/2024/07/logo_zf.png]
[synspace.com/app/uploads/2024/07/logo_airbus.png]
[synspace.com/app/uploads/2024/07/logo_cern.png]
[synspace.com/app/uploads/2024/07/logo_dlr.png]
[synspace.com/app/uploads/2024/07/logo_iata.png]
[synspace.com/app/uploads/2024/07/logo_ruag.png]
[synspace.com/app/uploads/2024/07/logo_thales.png]
[synspace.com/app/uploads/2024/07/logo_abb.png]
[synspace.com/app/uploads/2024/07/logo_alstom.png]
[synspace.com/app/uploads/2024/07/logo_badenova.png]
[synspace.com/app/uploads/2024/07/logo_swissgrid.png]
[synspace.com/app/uploads/2024/07/logo_thuga.png]
[synspace.com/app/uploads/2024/07/logo_axa.png]
[synspace.com/app/uploads/2024/07/logo_credit_suisse.png]
[synspace.com/app/uploads/2024/07/logo_die_mobiliar.png]
[synspace.com/app/uploads/2024/07/logo_swisslife.png]
[synspace.com/app/uploads/2024/07/logo_swiss_re.png]
[synspace.com/app/uploads/2024/07/logo_abraxas.png]
[synspace.com/app/uploads/2024/07/logo_centris.png]
[synspace.com/app/uploads/2024/07/logo_konica_minolta.png]
[synspace.com/app/uploads/2024/07/logo_swisscom.png]
[synspace.com/app/uploads/2024/07/logo_ferrero.png]
[synspace.com/app/uploads/2024/07/logo_hilti.png]
[synspace.com/app/uploads/2024/07/logo_meggitt.png]
[synspace.com/app/uploads/2024/07/logo_rheinmetall.png]
[synspace.com/app/uploads/2024/07/logo_stihl.png]
[synspace.com/app/uploads/2024/07/logo_ias.png]
[synspace.com/app/uploads/2024/07/logo_roche.png]
[synspace.com/app/uploads/2024/07/logo_stryker.png]
[synspace.com/en/company/customers.html]
[synspace.com/app/uploads/2024/07/partner_logo_east.png]
[synspace.com/app/uploads/2024/07/partner_logo_ireb.png]
[synspace.com/app/uploads/2025/05/logo_eurospi.png]
[synspace.com/app/uploads/2024/07/partner_logo_istqb.png]
[synspace.com/app/uploads/2025/04/logo_sres.png]
[synspace.com/app/uploads/2024/07/partner_logo_vdaqmc.png]
[synspace.com/app/uploads/2024/07/partner_logo_xebia.png]
[synspace.com/app/uploads/2024/07/partner_logo_di-steinmann_ball.png]
[synspace.com/app/uploads/2024/07/partner_logo_iav.png]
[synspace.com/app/uploads/2024/07/partner_logo_ssq_concept_design.png]
[synspace.com/app/uploads/2024/07/partner_logo_tiobe.png]
[synspace.com/en/company/partners.html]
[synspace.com/app/uploads/2023/11/iStock-1394952068-1-scaled-1-scaled.jpg]
[synspace.com/en/company/career.html]
[synspace.com/en/company/job-offers.html]
[synspace.com/en/consulting.html]
[synspace.com/app/uploads/2025/05/illustration_automotive_spice.png]
[synspace.com/en/training/training-overview/automotive-spice/intacs-certified-provisional-assessor-automotive-spice-4-0.html]
[synspace.com/en/training/training-overview/automotive-spice/intacs-certified-competent-assessor-automotive-spice-4-0.html]
[synspace.com/en/training/training-overview/automotive-spice/intacs-certified-process-expert-automotive-spice-4-0-incl-guidelines.html]
[synspace.com/en/training/training-overview/automotive-spice/intacs-certified-process-expert-and-provisional-assessor-automotive-spice-4-0.html]
[synspace.com/en/training/training-overview/automotive-spice/intacs-certified-automotive-spice-cybersecurity.html]
[synspace.com/en/training/training-overview/automotive-spice/automotive-spice-4-0-official-upgrade.html]
[synspace.com/en/training/training-overview/automotive-spice/automotive-spice-4-0-essentials.html]
[synspace.com/en/training/training-overview/automotive-spice/intacs-certified-automotive-spice-machine-learning.html]
[synspace.com/app/uploads/2025/06/illustration_contact_aspice.jpg]
[synspace.com/en/consulting/automotive-spice.html]
[synspace.com/app/uploads/2025/04/illustration_cybersecurity.png]
[synspace.com/app/uploads/2025/06/illustration_contact_cybersecurity.jpg]
[synspace.com/en/consulting/cybersecurity.html]
[synspace.com/app/uploads/2025/04/illustration_functional_safety.png]
[synspace.com/app/uploads/responsive_images/2025/06/1000xauto_illustration_contact_functional_safety.jpg]
[synspace.com/app/uploads/responsive_images/2025/06/800xauto_illustration_contact_functional_safety.jpg]
[synspace.com/app/uploads/responsive_images/2025/06/500xauto_illustration_contact_functional_safety.jpg]
[synspace.com/app/uploads/2025/06/illustration_contact_functional_safety.jpg]
[synspace.com/en/consulting/functional-safety-fusa.html]
[synspace.com/en/training/course-dates/feed]
[synspace.com/en/training/course-dates/ireb-certified-professional-for-requirements-engineering-foundation-level.html]
[synspace.com/en/training/course-dates/istqb-certified-tester-foundation-level-ctfl-v4-0.html]
[synspace.com/en/training/course-dates/page/2.html]
[synspace.com/en/training/course-dates.html]
[synspace.com/en/training/course-dates/page/3.html]
[synspace.com/app/uploads/2024/10/sonja_schkutow.jpg]
[synspace.com/en/training/training-overview.html]
[synspace.com/app/uploads/2025/07/intacs_training_architecture_as_of_october_2024.png]
[synspace.com/en/training/training-overview/automotive-spice/intacs-certified-automotive-spice-potential-analysis.html]
[synspace.com/en/training/training-overview/automotive-spice.html]
[synspace.com/en/training/course-dates5119.html]
[synspace.com/en/training/training-overview/cybersecurity/cyber-resilience-act.html]
[synspace.com/en/training/training-overview/cybersecurity/automotive-cybersecurity-essentials.html]
[synspace.com/en/training/training-overview/cybersecurity/automotive-cybersecurity-engineer.html]
[synspace.com/en/training/training-overview/cybersecurity/threat-analysis-and-risk-assessment-tara-intensive.html]
[synspace.com/en/training/course-datesda53.html]
[synspace.com/app/uploads/2025/03/thomas_liedtke_principal.jpg]
[synspace.com/en/training/training-overview/cybersecurity.html]
[synspace.com/en/training/training-overview/functional-safety-fusa/functional-safety-essentials.html]
[synspace.com/en/training/training-overview/functional-safety-fusa.html]
[synspace.com/en/training/course-datesa0ae.html]
[synspace.com/en/training/training-overview/requirements-engineering-ireb/ireb-certified-professional-for-requirements-engineering-foundation-level.html]
[synspace.com/en/training/training-overview/requirements-engineering-ireb/ireb-certified-professional-for-requirements-engineering-re-agile-primer.html]
[synspace.com/en/training/course-dates4390.html]
[synspace.com/en/training/course-dates/ireb-certified-professional-for-requirements-engineering-reagile-primer-2.html]
[synspace.com/app/uploads/2024/10/reto_mueller.jpg]
[synspace.com/en/training/training-overview/requirements-engineering-ireb.html]
[synspace.com/en/training/training-overview/software-testing-istqb/istqb-certified-tester-foundation-level-ctfl.html]
[synspace.com/en/training/training-overview/software-testing-istqb/istqb-certified-tester-foundation-level-agile-tester-ctfl-at.html]
[synspace.com/en/training/training-overview/software-testing-istqb/istqb-certified-tester-usability-testing-ct-ut.html]
[synspace.com/en/training/training-overview/software-testing-istqb/istqb-certified-tester-advanced-level-test-management-ctal-tm.html]
[synspace.com/en/training/training-overview/software-testing-istqb/istqb-certified-tester-advanced-level-test-analyst-ctal-ta.html]
[synspace.com/en/training/training-overview/software-testing-istqb/istqb-certified-tester-advanced-level-technical-test-analyst-ctal-tta.html]
[synspace.com/en/training/training-overview/software-testing-istqb.html]
[synspace.com/en/products.html]
[synspace.com/en/training/course-datesf483.html]
[synspace.com/app/uploads/2025/06/illustration_gamification_and_szenariobased_storytelling.jpg]
[synspace.com/app/uploads/2025/06/michelle-dominique-fees.jpg]
[synspace.com/app/uploads/responsive_images/2025/06/1000xauto_illustration_contact_gamification_and_szenariobased_storytelling.jpg]
[synspace.com/app/uploads/responsive_images/2025/06/800xauto_illustration_contact_gamification_and_szenariobased_storytelling.jpg]
[synspace.com/app/uploads/responsive_images/2025/06/500xauto_illustration_contact_gamification_and_szenariobased_storytelling.jpg]
[synspace.com/app/uploads/2025/06/illustration_contact_gamification_and_szenariobased_storytelling.jpg]
[synspace.com/en/products/gamification-scenario-based-storytelling.html]
[synspace.com/en/products/pocket-guide.html]
[synspace.com/en/products/tics.html]
[synspace.com/en/suche.html]
[synspace.com/en/products/pocket-guide/download-pocket-guide.html]
[synspace.com/app/uploads/2023/11/iStock-1482769692-1.jpg]
[synspace.com/wp/wp-includes/js/dist/dom-ready.min.js]
[synspace.com/wp/wp-includes/js/dist/hooks.min.js]
[synspace.com/wp/wp-includes/js/dist/i18n.min.js]
[synspace.com/wp/wp-includes/js/dist/a11y.min.js]
[synspace.com/app/plugins/gravityforms/js/jquery.json.min.js]
[synspace.com/app/plugins/gravityforms/js/gravityforms.min.js]
[synspace.com/app/plugins/gravityforms/assets/js/dist/utils.min.js]
[synspace.com/app/plugins/gravityforms/assets/js/dist/vendor-theme.min.js]
[synspace.com/app/plugins/gravityforms/assets/js/dist/scripts-theme.min.js]
[synspace.com/app/plugins/friendly-captcha/public/vendor/v1/widget.module.min.js]
[synspace.com/app/plugins/friendly-captcha/public/vendor/v1/widget.polyfilled.min.js]
[synspace.com/app/plugins/friendly-captcha/public/mutation-observer.js]
[synspace.com/en/contact.html]
[synspace.com/app/plugins/gravityforms/js/conditional_logic.min.js]
[synspace.com/en/training/course-dates/ireb-certified-professional-for-requirements-engineering-foundation-level-6.html]
[synspace.com/en/training/course-dates/istqb-certified-tester-advanced-level-test-analyst-ctal-ta-3.html]
[synspace.com/en/training/course-dates/istqb-certified-tester-foundation-level-ctfl-v4-0-9.html]
[synspace.com/en/training/course-dates/istqb-certified-tester-foundation-level-agile-tester-ctfl-at-2.html]
[synspace.com/en/training/course-dates/istqb-certified-tester-advanced-level-test-management-ctal-tm-v3-0-3.html]
[synspace.com/en/training/course-dates/istqb-certified-tester-foundation-level-ctfl-v4-0-6.html]
[synspace.com/en/training/course-dates/ireb-certified-professional-for-requirements-engineering-foundation-level-5.html]
[synspace.com/en/training/course-dates/ireb-certified-professional-for-requirements-engineering-foundation-level-7.html]
[synspace.com/en/training/course-dates/istqb-certified-tester-usability-testing-ct-ut.html]
[synspace.com/en/training/course-dates/istqb-certified-tester-foundation-level-ctfl-v4-0-4.html]
[synspace.com/en/imprint.html]
[synspace.com/en/privacy.html]
[synspace.com/en/disclaimer.html]
[synspace.com/en/sitemap.html]
[synspace.com/en/general-terms-conditions-of-seminars.html]
[synspace.com/en/training/training-overview/automotive-spice/intacs-certified-provisional-assessor-automotive-spice-4-0.html]
[synspace.com/en/training/course-dates9ecc.html]
[synspace.com/en/training/training-overview/automotive-spice/intacs-certified-competent-assessor-automotive-spice-4-0.html]
[synspace.com/en/training/course-dates05f6.html]
[synspace.com/en/training/training-overview/automotive-spice/intacs-certified-process-expert-automotive-spice-4-0-incl-guidelines.html]
[synspace.com/en/training/course-dates7036.html]
[synspace.com/en/training/training-overview/automotive-spice/intacs-certified-process-expert-and-provisional-assessor-automotive-spice-4-0.html]
[synspace.com/en/training/course-datesb2c2.html]
[synspace.com/en/training/training-overview/automotive-spice/intacs-certified-automotive-spice-cybersecurity.html]
[synspace.com/en/training/course-datesdf33.html]
[synspace.com/en/training/training-overview/automotive-spice/automotive-spice-4-0-official-upgrade.html]
[synspace.com/en/training/course-datesada3.html]
[synspace.com/en/training/training-overview/automotive-spice/automotive-spice-4-0-essentials.html]
[synspace.com/en/training/course-dates3db9.html]
[synspace.com/en/training/training-overview/automotive-spice/intacs-certified-automotive-spice-machine-learning.html]
[synspace.com/en/training/course-dates/ireb-certified-professional-for-requirements-engineering-foundation-level.html]
[synspace.com/en/training/course-dates/istqb-certified-tester-foundation-level-ctfl-v4-0.html]
[synspace.com/en/training/course-datesb723.html]
[synspace.com/en/training/course-dates/istqb-certified-tester-advanced-level-technical-test-analyst-ctal-tta-v4-0.html]
[synspace.com/en/training/course-dates/istqb-certified-tester-advanced-level-test-management-ctal-tm-v3-0.html]
[synspace.com/en/training/course-dates/istqb-certified-tester-foundation-level-ctfl-v4-0-10.html]
[synspace.com/en/training/course-dates/istqb-certified-tester-foundation-level-ctfl-v4-0-2.html]
[synspace.com/en/training/course-dates/istqb-certified-tester-advanced-level-test-management-ctal-tm-v3-0-4.html]
[synspace.com/en/training/course-dates/ireb-certified-professional-for-requirements-engineering-foundation-level-2.html]
[synspace.com/en/training/course-dates/ireb-certified-professional-for-requirements-engineering-foundation-level-8.html]
[synspace.com/en/training/course-dates/istqb-certified-tester-advanced-level-test-analyst-ctal-ta-v4-0.html]
[synspace.com/en/training/course-dates/istqb-certified-tester-foundation-level-ctfl-v4-0-7.html]
[synspace.com/en/training/course-dates/istqb-certified-tester-foundation-level-ctfl-v4-0-5.html]
[synspace.com/en/training/course-dates/page/2.html]
[synspace.com/en/training/course-dates/istqb-certified-tester-foundation-level-ctfl-v4-0-3.html]
[synspace.com/en/training/course-dates/ireb-certified-professional-for-requirements-engineering-foundation-level-3.html]
[synspace.com/en/training/course-dates/istqb-certified-tester-advanced-level-test-management-ctal-tm-v3-0-2.html]
[synspace.com/en/training/course-dates/page/3.html]
[synspace.com/en/training/course-dates/istqb-certified-tester-advanced-level-technical-test-analyst-ctal-tta-v4-0-2.html]
[synspace.com/en/training/training-overview/automotive-spice/intacs-certified-automotive-spice-potential-analysis.html]
[synspace.com/en/training/course-dates5119.html]
[synspace.com/en/training/course-datescd90.html]
[synspace.com/en/training/training-overview/cybersecurity/cyber-resilience-act.html]
[synspace.com/en/training/course-dates3581.html]
[synspace.com/en/training/training-overview/cybersecurity/automotive-cybersecurity-essentials.html]
[synspace.com/en/training/course-dates95ca.html]
[synspace.com/en/training/training-overview/cybersecurity/automotive-cybersecurity-engineer.html]
[synspace.com/en/training/course-dates294a.html]
[synspace.com/en/training/training-overview/cybersecurity/threat-analysis-and-risk-assessment-tara-intensive.html]
[synspace.com/en/training/course-datesda53.html]
[synspace.com/en/training/course-datesb416.html]
[synspace.com/en/training/training-overview/functional-safety-fusa/functional-safety-essentials.html]
[synspace.com/en/training/course-datesa0ae.html]
[synspace.com/en/training/course-dates84c4.html]
[synspace.com/en/training/training-overview/requirements-engineering-ireb/ireb-certified-professional-for-requirements-engineering-foundation-level.html]
[synspace.com/en/training/course-datesee2f.html]
[synspace.com/en/training/training-overview/requirements-engineering-ireb/ireb-certified-professional-for-requirements-engineering-re-agile-primer.html]
[synspace.com/en/training/course-dates4390.html]
[synspace.com/en/training/course-dates/ireb-certified-professional-for-requirements-engineering-reagile-primer-2.html]
[synspace.com/en/training/course-dates4963.html]
[synspace.com/en/training/training-overview/software-testing-istqb/istqb-certified-tester-foundation-level-ctfl.html]
[synspace.com/en/training/course-dates7871.html]
[synspace.com/en/training/training-overview/software-testing-istqb/istqb-certified-tester-foundation-level-agile-tester-ctfl-at.html]
[synspace.com/en/training/course-datese3d9.html]
[synspace.com/en/training/training-overview/software-testing-istqb/istqb-certified-tester-usability-testing-ct-ut.html]
[synspace.com/en/training/course-datese7d5.html]
[synspace.com/en/training/training-overview/software-testing-istqb/istqb-certified-tester-advanced-level-test-management-ctal-tm.html]
[synspace.com/en/training/course-datesa42b.html]
[synspace.com/en/training/training-overview/software-testing-istqb/istqb-certified-tester-advanced-level-test-analyst-ctal-ta.html]
[synspace.com/en/training/course-datescb4e.html]
[synspace.com/en/training/training-overview/software-testing-istqb/istqb-certified-tester-advanced-level-technical-test-analyst-ctal-tta.html]
[synspace.com/en/training/course-dates9248.html]
[synspace.com/en/training/course-datesf483.html]
[synspace.com/en/products/pocket-guide/download-pocket-guide.html]
[synspace.com/en/_/en/privacy.html]
[synspace.com/en/training/course-dates9ecc.html]
[synspace.com/en/training/course-dates05f6.html]
[synspace.com/en/training/course-dates7036.html]
[synspace.com/en/training/course-datesb2c2.html]
[synspace.com/en/training/course-datesdf33.html]
[synspace.com/en/training/course-datesada3.html]
[synspace.com/en/training/course-dates3db9.html]
[synspace.com/en/training/course-datesb723.html]
[synspace.com/en/training/course-dates/istqb-certified-tester-advanced-level-technical-test-analyst-ctal-tta-v4-0.html]
[synspace.com/en/training/course-dates/istqb-certified-tester-advanced-level-test-management-ctal-tm-v3-0.html]
[synspace.com/en/training/course-dates/istqb-certified-tester-foundation-level-ctfl-v4-0-10.html]
[synspace.com/en/training/course-dates/istqb-certified-tester-foundation-level-ctfl-v4-0-2.html]
[synspace.com/en/training/course-dates/istqb-certified-tester-advanced-level-test-management-ctal-tm-v3-0-4.html]
[synspace.com/en/training/course-dates/ireb-certified-professional-for-requirements-engineering-foundation-level-2.html]
[synspace.com/en/training/course-dates/ireb-certified-professional-for-requirements-engineering-foundation-level-8.html]
[synspace.com/en/training/course-dates/istqb-certified-tester-advanced-level-test-analyst-ctal-ta-v4-0.html]
[synspace.com/en/training/course-dates/istqb-certified-tester-foundation-level-ctfl-v4-0-7.html]
[synspace.com/en/training/course-dates/istqb-certified-tester-foundation-level-ctfl-v4-0-5.html]
[synspace.com/en/training/course-dates/istqb-certified-tester-foundation-level-ctfl-v4-0-3.html]
[synspace.com/en/training/course-dates/ireb-certified-professional-for-requirements-engineering-foundation-level-3.html]
[synspace.com/en/training/course-dates/istqb-certified-tester-advanced-level-test-management-ctal-tm-v3-0-2.html]
[synspace.com/en/training/course-dates/istqb-certified-tester-advanced-level-technical-test-analyst-ctal-tta-v4-0-2.html]
[synspace.com/en/training/course-datescd90.html]
[synspace.com/en/training/course-dates3581.html]
[synspace.com/en/training/course-dates95ca.html]
[synspace.com/en/training/course-dates294a.html]
[synspace.com/en/training/course-datesb416.html]
[synspace.com/en/training/course-dates84c4.html]
[synspace.com/en/training/course-datesee2f.html]
[synspace.com/en/training/course-dates4963.html]
[synspace.com/en/training/course-dates7871.html]
[synspace.com/en/training/course-dates/page/2f483.html]
[synspace.com/en/training/course-datese3d9.html]
[synspace.com/en/training/course-datese7d5.html]
[synspace.com/en/training/course-datesa42b.html]
[synspace.com/en/training/course-datescb4e.html]
[synspace.com/en/training/course-dates9248.html]
[synspace.com/en/training/course-dates/page/2f483.html]
